// Jest Snapshot v1, https://goo.gl/fbAQLP

exports[`kosko generate --dev 1`] = `
"---
apiVersion: v1
kind: Namespace
metadata:
  annotations:
    field.cattle.io/creatorId: gitlab
    field.cattle.io/projectId: c-f8qps:p-46tj7
    git/branch: beta-db-12
    git/remote: >-
      https://gitlab-ci-token:[MASKED]@gitlab.factory.social.gouv.fr/SocialGouv/archifiltre-statistics.git
    app.gitlab.com/app: socialgouv-archifiltre-statistics
    app.gitlab.com/env: beta-db-12-dev2
    app.gitlab.com/env.name: beta-db-12-dev2
  labels:
    azure-pg-admin-user: archifiltre-statistics
    application: xyz42-archifiltre-statistics
    owner: archifiltre-statistics
    team: archifiltre-statistics
    cert: wildcard
  name: archifiltre-statistics-85-beta-db-12-dev2
---
apiVersion: apps/v1
kind: Deployment
metadata:
  annotations:
    kapp.k14s.io/disable-default-ownership-label-rules: ''
    kapp.k14s.io/disable-default-label-scoping-rules: ''
    app.gitlab.com/app: socialgouv-archifiltre-statistics
    app.gitlab.com/env: beta-db-12-dev2
    app.gitlab.com/env.name: beta-db-12-dev2
  labels:
    app: app
    application: xyz42-archifiltre-statistics
    owner: archifiltre-statistics
    team: archifiltre-statistics
    cert: wildcard
  name: app
  namespace: archifiltre-statistics-85-beta-db-12-dev2
spec:
  replicas: 1
  selector:
    matchLabels:
      app: app
  template:
    metadata:
      annotations:
        kapp.k14s.io/disable-default-ownership-label-rules: ''
        kapp.k14s.io/disable-default-label-scoping-rules: ''
        app.gitlab.com/app: socialgouv-archifiltre-statistics
        app.gitlab.com/env: beta-db-12-dev2
        app.gitlab.com/env.name: beta-db-12-dev2
      labels:
        app: app
        application: xyz42-archifiltre-statistics
        owner: archifiltre-statistics
        team: archifiltre-statistics
        cert: wildcard
    spec:
      containers:
        - image: >-
            harbor.fabrique.social.gouv.fr/archifiltre/archifiltre-statistics:yz42
          livenessProbe:
            failureThreshold: 6
            httpGet:
              path: /healthz
              port: http
            initialDelaySeconds: 30
            periodSeconds: 5
            timeoutSeconds: 5
          name: app
          ports:
            - containerPort: 3000
              name: http
          readinessProbe:
            failureThreshold: 15
            httpGet:
              path: /healthz
              port: http
            initialDelaySeconds: 0
            periodSeconds: 5
            successThreshold: 1
            timeoutSeconds: 1
          resources:
            limits:
              cpu: 500m
              memory: 1280Mi
            requests:
              cpu: 100m
              memory: 128Mi
          startupProbe:
            failureThreshold: 12
            httpGet:
              path: /healthz
              port: http
            periodSeconds: 5
          envFrom:
            - secretRef:
                name: app-env
            - configMapRef:
                name: app-env
---
apiVersion: bitnami.com/v1alpha1
kind: SealedSecret
metadata:
  annotations:
    sealedsecrets.bitnami.com/cluster-wide: 'true'
    kapp.k14s.io/disable-default-ownership-label-rules: ''
    kapp.k14s.io/disable-default-label-scoping-rules: ''
    app.gitlab.com/app: socialgouv-archifiltre-statistics
    app.gitlab.com/env: beta-db-12-dev2
    app.gitlab.com/env.name: beta-db-12-dev2
  name: app-env
  namespace: archifiltre-statistics-85-beta-db-12-dev2
  labels:
    application: xyz42-archifiltre-statistics
    owner: archifiltre-statistics
    team: archifiltre-statistics
    cert: wildcard
spec:
  encryptedData:
    MATOMO_TOKEN: >-
      AgB22OylrhQ9NM77057hs4guso5ffpBO7L6BJECUP+jcFGHnlLGQixu2I9pgwNYNegjW1PE3WWVBiuWqxkcJa8DBXgaBczaO8Hwj/2d19Ro9esYBSwppz0YuURKJanjJzfgRmrtsSnJ5Afq+Vh1cT8elIsuPPCwHM96T81WWwthKv1P5XiUUnB/Lf76WKsm+jjwrHStrepSctDc8Zt4AaxwnkJ2Puv7nIzxOOsoEasct8qlw7ie8pHW+i25HR5UW1G48HWofOQceRLdc8pvXxVUEWvPA6wBbw1TpzjOAFN3cIDTESDp9FGRit1w2ttFMWIwKJGgsFHxh6sdd+oNaWgCXcHvAZFbhpFKcqucJFB2BvGTJcF/JiiseITff3QaB9fsB042C4LglI1vHHnGSuNRrqT9J2qBsdPO/ERIum2xtgm1dKqTU6nghZfs4SbrexVT8G53dt+7utR6em+A+g+4Q2z/fkJdmTNImoylIEhw2NEM3lGcRuS1+kiEkux09foZAPCY8A4qFn1chZOM4R1CjmmGUvu+jkrSqa8Q2uUbFYEdHDsyG5Mq2KA+NIpd5pcRcCNW0cwWHEnIdWLqSpzGv8S1namoFi/c2RdyrLJoBUlQWGuW0ewm4ibn4nWJfipa5VcHORz6S1j7S8KfH9115iNh7wV/1n0YerIvqZUZKYkKre7yNDTnGiBjDmRfm3sZ4NkiYRi+7yrfj5e7Gjc7Hv7FSkJPh4n7P492x+STLdQ==
    YOUTUBE_API_KEY: >-
      AgA9yz1ydxNlg5jMKSGdI6jrxs8aU7s3W5B5nw+NNRNbE4FlY2Td5kAVj+1DRtA3a0sFyDjw4tN0kNoGACsnKJCamGYhEAv6QR8yBr7GTIWVIiG6aN5cTYqlKXQk6/fk9lZEabCU4RRlRrqGd6atBOUCSnsy4TWD31N71TXHK8SDfV2YhiRP3hAnMyDg1Ysdsm6Iclwne2tzdEchmnCT1mktqduwuMP1bxppzQbLHxiPPmGcmJW79xzO2U+r7MPepSdbAf/ab2oH2fswBNmJvGUEYGsVcCg/PKwyqFSHWB01S8fx7FGY7nQkkjrEZ8gq/Bz2UIydbU2XQ5tlGdzZLzt21n8dFrLmQqebVbYo3+cCMxBYKT1LWZAZaBeECeHaSj2LzN7Gg2jjHxd5czwkNMrNT+bc9StP67D2Cih26gfdtDMySTmhIVpTzNZ8tjFegBMzuW2bax7JJ8DbJhDIRCyk3Bsft/URxkX2ZNZJcXhs31Xffm9E+Y2A2FQ644cCBMWDzFcNUIhKV4O0pMlOSVu1fyoFK+eOPu20k11wn9bcb2jt0UqjI7WzsFjnOCeoQI1krvn5uuORtc7kBmefxGbBFpBk5cdY/dM+Yf3CRrgH5LocNGpN/VScwLeWxwuZA/+WzvJUjj60vF6HBTQw99COoRfP83E78X6RAVyYoBga96shl2Hp/CowjIDW2ae+lCCcVEenMFXK1lGfP1jydmYtV1HwX8GXP7gZVg7QphBX7DFxMFQLxWM=
    GITHUB_API_KEY: >-
      AgAuVO/80lA28Mi9JVd7r2kfcE63eFRgzV8ZeOXVQJ2KCSF9bHmTeI7rkT6UktCpfGJoTWUczfF49a/prYeHLu9S1pNt4g3atlj/QaleVaue7ddqZOE50DX1fuT9AY3xT3DnI1qq/AQ+iPFqoxq3iHB1GjO3hPt7bk82AkvBETiSOQLoig61g1UnyTdX7Z76phSRWn0LDITxAoZsnCTPB44HBl7LbBpIEgLoBDWvUMlfSBSTg//CI3b5p3X0ycFBp8h/g33ttG4jmZsAPNgiXGNTsNTTfZyQ7mX1kDqWIyCpNmdm/oP+GB+UZQQ3swUC48Dv5vrl+7Dwmzv7uoOOcuZdSakEREOeMr72TfLzdWzI+BsQWCtmtS0rkzTBY20pzuHhluC1nTWLiYgt23IAKbgnKU2sDKUVY4T0lBKdBZPV+YiFsNcjmPG7s5vZ4YTqqCSfYBEjnbas21d5nH8mMLKLTxZ/7XwY/XbLMiHHAkH0WmW/exIe+fmEQ07p/58ZQhn09Ee8sJx+UNKCutPPPLuG8v8Mq5qVotP+72a1xsWfuH185hSUfvcs1UsF9arqR9v2xqeO4X0hQCIJb1fXXEJDstPE43yCcbhMayvBhxqXNKV6Pnmm3H3aNjzSVxw5F2sKDhbGuI8GLDKwUa61QEBK7mH0M0dL6HWTnPRvhrYHLQjdCyjDK5kqwmmYEMomzOdypWwFENFRSJnmGssK5jcHg5MUqf2BFQIaj9UXO5NBTomGgqw9L/zG
    TYPEFORM_API_KEY: >-
      AgCER5HCK+rWMOW8qwl62qkX9sAAGiTxyz4/lmI8X1Yxfdc9rkOrkXfdBgoYsymr9fwgzqkaY36olm97YYTxZXdqYk4vEvedwIOM3giS1Lv4uhhyT1wjijxc+ZHanW1BPUUwBIXihhPESM6SI5MfAyQFA5KAdNgC0NHrjCKxYh/boeU8oEirDrvNJylNDQWXgWryJhEN6Ys9zRdaRwMfGWzLaFC4Maf3Kwg06uOL74q+famxxRmvWYMqZ2yCwfOx8PQ9i56fWxzgoxYbeDrfg7tNFSWqqAjs7DQVax/saByPDwApONiEUGhmLo7YsyYxd+nrcnub1aysgMGZ5c8m1C5vbH15hi8wYXb1hJ3KiR35jtQM4vymg4JqMvEr8oAyG7pCclOf89hyUPQI65gKYlo6AP+uh5L5LcKB7lqV3AdH6DorTTnIk6sVDie9M8Mes2ACx+cKGvBcZvQBnkdvcplJBCI7PW/Tdospc0qcsv2cOZPP98xfcRX9Z80bpDb7/0TPg+VTxPam6ngvjWDTPWGJmYeFyTfNfzjd5EFcnmidLpSFhh82iIwiecNSSNKc0Ubb2/0t54y7T5QJ60CGQGQVnMj1RbCYq88miQaRchWckQlKLvfR9wVS/0JHTJShu/Fn+fGEx5XEVSKSs2aNZMNMm5C4VtWb2cNYLIKfP7lV0Boy/fzcjzh7XYww04+GOSsVKHued9gywiHOBP/fT3cM2i3k4EeYZAYRUkY2ePRnIOF70vaY97UQT2SZqw==
  template:
    metadata:
      annotations:
        sealedsecrets.bitnami.com/cluster-wide: 'true'
        kapp.k14s.io/disable-default-ownership-label-rules: ''
        kapp.k14s.io/disable-default-label-scoping-rules: ''
        app.gitlab.com/app: socialgouv-archifiltre-statistics
        app.gitlab.com/env: beta-db-12-dev2
        app.gitlab.com/env.name: beta-db-12-dev2
      name: app-env
      labels:
        application: xyz42-archifiltre-statistics
        owner: archifiltre-statistics
        team: archifiltre-statistics
        cert: wildcard
    type: Opaque
---
apiVersion: v1
kind: ConfigMap
metadata:
  name: app-env
  annotations:
    kapp.k14s.io/disable-default-ownership-label-rules: ''
    kapp.k14s.io/disable-default-label-scoping-rules: ''
    app.gitlab.com/app: socialgouv-archifiltre-statistics
    app.gitlab.com/env: beta-db-12-dev2
    app.gitlab.com/env.name: beta-db-12-dev2
  labels:
    application: xyz42-archifiltre-statistics
    owner: archifiltre-statistics
    team: archifiltre-statistics
    cert: wildcard
  namespace: archifiltre-statistics-85-beta-db-12-dev2
data:
  MATOMO_URL: https://matomo.fabrique.social.gouv.fr/
  YOUTUBE_API_URL: https://youtube.googleapis.com/youtube/v3/
  YOUTUBE_CHANNEL_ID: UClDwrT-Y1NY9WnEiXLMHp6w
  GITHUB_API_URL: https://api.github.com
  TYPEFORM_API_URL: https://api.typeform.com
  CORS_ORIGINS: '*'
---
apiVersion: v1
kind: Service
metadata:
  labels:
    app: app
    application: xyz42-archifiltre-statistics
    owner: archifiltre-statistics
    team: archifiltre-statistics
    cert: wildcard
  name: app
  annotations:
    kapp.k14s.io/disable-default-ownership-label-rules: ''
    kapp.k14s.io/disable-default-label-scoping-rules: ''
    app.gitlab.com/app: socialgouv-archifiltre-statistics
    app.gitlab.com/env: beta-db-12-dev2
    app.gitlab.com/env.name: beta-db-12-dev2
  namespace: archifiltre-statistics-85-beta-db-12-dev2
spec:
  ports:
    - name: http
      port: 80
      targetPort: 3000
  selector:
    app: app
  type: ClusterIP
---
apiVersion: extensions/v1beta1
kind: Ingress
metadata:
  annotations:
    kubernetes.io/ingress.class: nginx
    kapp.k14s.io/disable-default-ownership-label-rules: ''
    kapp.k14s.io/disable-default-label-scoping-rules: ''
    app.gitlab.com/app: socialgouv-archifiltre-statistics
    app.gitlab.com/env: beta-db-12-dev2
    app.gitlab.com/env.name: beta-db-12-dev2
  labels:
    app: app
    application: xyz42-archifiltre-statistics
    owner: archifiltre-statistics
    team: archifiltre-statistics
    cert: wildcard
  name: app
  namespace: archifiltre-statistics-85-beta-db-12-dev2
spec:
  rules:
    - host: xyz42-archifiltre-statistics.dev2.fabrique.social.gouv.fr
      http:
        paths:
          - backend:
              serviceName: app
              servicePort: 80
            path: /
  tls:
    - hosts:
        - xyz42-archifiltre-statistics.dev2.fabrique.social.gouv.fr
      secretName: wildcard-crt
"
`;
