// Jest Snapshot v1, https://goo.gl/fbAQLP

exports[`kosko generate --prod 1`] = `
"---
apiVersion: apps/v1
kind: Deployment
metadata:
  annotations:
    kapp.k14s.io/disable-default-ownership-label-rules: ''
    kapp.k14s.io/disable-default-label-scoping-rules: ''
    app.gitlab.com/app: socialgouv-archifiltre-statistics
    app.gitlab.com/env: beta-db-12-dev2
    app.gitlab.com/env.name: beta-db-12-dev2
  labels:
    app: app
    application: archifiltre-statistics
    owner: archifiltre-statistics
    team: archifiltre-statistics
    cert: wildcard
  name: app
  namespace: archifiltre-statistics
spec:
  replicas: 1
  selector:
    matchLabels:
      app: app
  template:
    metadata:
      annotations:
        kapp.k14s.io/disable-default-ownership-label-rules: ''
        kapp.k14s.io/disable-default-label-scoping-rules: ''
        app.gitlab.com/app: socialgouv-archifiltre-statistics
        app.gitlab.com/env: beta-db-12-dev2
        app.gitlab.com/env.name: beta-db-12-dev2
      labels:
        app: app
        application: archifiltre-statistics
        owner: archifiltre-statistics
        team: archifiltre-statistics
        cert: wildcard
    spec:
      containers:
        - image: >-
            harbor.fabrique.social.gouv.fr/archifiltre/archifiltre-statistics:yz42
          livenessProbe:
            failureThreshold: 6
            httpGet:
              path: /healthz
              port: http
            initialDelaySeconds: 30
            periodSeconds: 5
            timeoutSeconds: 5
          name: app
          ports:
            - containerPort: 3000
              name: http
          readinessProbe:
            failureThreshold: 15
            httpGet:
              path: /healthz
              port: http
            initialDelaySeconds: 0
            periodSeconds: 5
            successThreshold: 1
            timeoutSeconds: 1
          resources:
            limits:
              cpu: 500m
              memory: 1280Mi
            requests:
              cpu: 100m
              memory: 128Mi
          startupProbe:
            failureThreshold: 12
            httpGet:
              path: /healthz
              port: http
            periodSeconds: 5
          envFrom:
            - secretRef:
                name: app-env
            - configMapRef:
                name: app-env
---
apiVersion: bitnami.com/v1alpha1
kind: SealedSecret
metadata:
  annotations:
    kapp.k14s.io/disable-default-ownership-label-rules: ''
    kapp.k14s.io/disable-default-label-scoping-rules: ''
    app.gitlab.com/app: socialgouv-archifiltre-statistics
    app.gitlab.com/env: beta-db-12-dev2
    app.gitlab.com/env.name: beta-db-12-dev2
  name: app-env
  namespace: archifiltre-statistics
  labels:
    application: archifiltre-statistics
    owner: archifiltre-statistics
    team: archifiltre-statistics
    cert: wildcard
spec:
  encryptedData:
    MATOMO_TOKEN: >-
      AgCFhVlIru9J8P98wuMWkyrMP0LI6fKU9AjvBS7FYM965cNtgBYEK7pp833LsMbEBsXJueyFfqGPqMfGKZg3TJsPec+puVxeQUJGw6llO3I4ZZhIhC26C2yQQ1225cEH5j1NxQrUFkPe4FVRotpHV/qUPBguo3MZykFGRFWKM36cGwJEVoDsojN7UP7ZLAXtaw7yxf/0JLVAe5ueydSouMf/F3ORj6FIgxbchv02iFgPIUQbIvYq+6Ic4lkVByWj8Tbr7a5DOE9yd7SzjnGIrnIIIQfrHrnWy0P2HBWbfIUjq55EPO7uvqQHjTELMkqJa7hYV3iD2qFYM6CMScgCCkPKrzL0kMKWDHFANzT/W4jXzxbqHFb+Dhbr3Mx/9VDiwh5/Cl5OYCuDA+c9epmm/pRvFCq9dpPgSBTgX7Llf0Y8zld0WGTtuCU/3dejqW9d4AwjBFeEZXZEy+E3jE0cUYsZICYVECdYcP90wWkuWB3Lg/cGQX4OcVy9viHhh+wBj/YLMsU6JTntQUe6MJ9Yor8iSYjKoxa4Lannc3t5D11i/vzIZ7k/MoIScMuiHZxAOX9DsHlcBD0hghNjE962k2y8SpvHwenAUFRmHUKTBvtFVe9mOx0Awar+dObpljIFmIsj3NVGk5CCCrhojla0ZsiEGT2n5O3eyOY7OT9VWXzgyP3nAMsfkiQX4YNYTB1bIubAZiFcK0getrehiFed7lBIek0Vv32MY2ToJJSpYQFZEQ==
    YOUTUBE_API_KEY: >-
      AgCUOllWvS7qYtWrvO4mgfxjdNRf52um345674EXp80gQsTBD+KivYsI5B4nD9uRi8+B7RACBN2YlMLFNPnLZUDEQvc5eCwSap/YZJKtRlJ7HHP5Ls6O8UWHTwZtG7hZV+Xl+JftWbnyf+p26ZLwuPWUYgjK3eKneLUBf2O0zk+UeIUMIZUrCq80mikdDs4vHDNUNK9zZfnnpUbpLvoTWn2vQV0om+EdYwDJ2DQuJggECzfnRzxeKDF9/4YpzMJh1uR9FtGHm5G6MMpPA5lpfoTKF//bqu668YpNq4EPfPmcJq1bdWMYOVYyhwnCgQeOGzz8Xh0QuTNwrksvCp0xZ79LJTdXfl2q81oGEx8etelzwiwqroDWFezaaqQIni2jO33sRfty5qzCq/aWZK4XY+OORL58QgVCBl80ut6/dOgWP1o6DZSoQvxTTRsMeXbb5fUUYSl8mXA6igx8GzxNxGRif5EedZ1h6ala5vf2giOmVgUEue53PAB0n/JgfMoO4ym1yBJiiuiaLBjghtwirZuxzcvn/BrIBDjD+8lenS77XrU1h8ArApOIphV87SMZQdiJYbu82Xhjn6V1RSFYx9/hskMJWC4IgrD2QZ/1S2hqyZmsK3CuSaEhf4PCVJJiG6i14X3baXRjkXTxbTA/7yN5KacYz4v10RZEChAOKJe5dV4qrwBh7n+twIKNLi+/HnAaZzsBMikxbZn5kQSi5/qfnKrvtunE/CTVLaSe0MbRq70/uztRBcs=
    GITHUB_API_KEY: >-
      AgCo8bTuiJs4Jwq7rJZbQdFxd2RVKjrSTqa248Y9wI+ztP+lXnU7xvxCzM84i2BewD3+NpboWMirS18YXD01RYGkdDoogYxbkimcGucMdKDzY06uHPBvEIui2Ye2u5bGKp27RkObX0pVCEBroHZ2YQRf1qJXJXUh+UXimFVtdQeGBBAq0PrmP/L3TT2j4ZHdWFxgYfx5Bm2HiWKfVOmZFvMmMwWGqy9vkER5dldHWDpR79mS8T9CdT7SM7XtjqA7u31loQn/N7ZCQMBooFYRoyiNSeoL1p/Y2Zswg3xTUMvFJ7qQBKgmrh07N/W7ZiZw7BcuvSxYroYpNmiLL1hc/KiiptFcJAAMr6BsDNf6F61oRrhA0eGOF49jQPrm4aQqrRAr4u/PwUjpwDyiBNNL1PsCM5sFOClGdzAMLkwKPWjeayf4apsylH2RhusnIxv3d6+88rbmvBS21kiOAUgRbLnp0BZ6ZBVdXXmGFDUj4Nhnec8vQJi4r8dFk+8SOYTZBebdLNu3i024Qp/6HjU4+lrrS8x2BJsYMk7MstcA3puhE57+KrFsSfOuBfZWslpuSBdLDz10iQs9u7qGHVAN6KGzK73NkGUJkKtw501VRhILOgbgsUibZFdX2CqP5aKj+KqyqXuKIJvnwRR6MpXAuX28TnrsCPv1S2Ftid4t8juCVKZDEXeVjNnzfhzZhz2ZCF7aTdg0ohhl7pucOHOjTn9nuaECXlz20yeMGVLyfkfvUut5i90yt/jZ
    TYPEFORM_API_KEY: >-
      AgAQDrJALZJAqt1pvVGqz84sW6VTbx/tbnI95Il4x2UkqjqcOE/0BBxsjLC5zNF/iBu5bOEVftqWQcS64wF9INDj1CXMmt3Kn7g/w7CQR6nOGK34kZktXtyvuFr12uTbcWKGwqzW4ZjtFm8azPasOP5pHV6AJeF1p7Xqe/7c4VJQZuZ+O35jtg9MI0LA8PSks4zGxIPSvZMyrzjJM+vUIsW9yzCEXRfaMIqiMbIQEvSe64HNg6RiDs621hahcx+gjaCQqrfF3Tg4uzzw8tb6OmhCy1cD2/h+BQ9i4mTPi2+RplhH9Zlgt6AzXEuT0kY1WAFi+qmmd0Mqc/Wf9oA/3pU9eOxYu6wHpydmsV/c/W2dPjWz9cDY+v08TMiUim958oIU4m+Wt6IH23SxeqQAqi4b8SO7SL2QPWbTJUmCmt+7OfyopBf2A3te2lgl4HLDAWRzFdSoTWrwQIfXicVsk6/09rOwNHqNsctEFS7AEJnnWjYznn+uwnm6Oz0Gvj4JOQaNjtDoxzIu9+MauQKa5GgjHTJv9X8w7ooDCE4eyNqNKQdD17RFzXNJpxmMOKWZx+6woYhPX7YMIL7Gwf25B6sKFKnj4IpDSfhHm3dPmchncjrCkBtFMn2z9nClk3oLSAwEq7jEAdt3ZSPxmmpHV9b4zReWxyl8WF38dWYrEAtjj/8PPMX+BO1gapgg7j8SOAGz9i9lIFn+Q9ESpjt6xkhSwoAjcdIhVqwIFVQ9QdkKVgZTD3JJKnHdFqXzkw==
  template:
    metadata:
      annotations:
        kapp.k14s.io/disable-default-ownership-label-rules: ''
        kapp.k14s.io/disable-default-label-scoping-rules: ''
        app.gitlab.com/app: socialgouv-archifiltre-statistics
        app.gitlab.com/env: beta-db-12-dev2
        app.gitlab.com/env.name: beta-db-12-dev2
      name: app-env
      labels:
        application: archifiltre-statistics
        owner: archifiltre-statistics
        team: archifiltre-statistics
        cert: wildcard
    type: Opaque
---
apiVersion: v1
kind: ConfigMap
metadata:
  name: app-env
  namespace: archifiltre-statistics
  annotations:
    kapp.k14s.io/disable-default-ownership-label-rules: ''
    kapp.k14s.io/disable-default-label-scoping-rules: ''
    app.gitlab.com/app: socialgouv-archifiltre-statistics
    app.gitlab.com/env: beta-db-12-dev2
    app.gitlab.com/env.name: beta-db-12-dev2
  labels:
    application: archifiltre-statistics
    owner: archifiltre-statistics
    team: archifiltre-statistics
    cert: wildcard
data:
  MATOMO_URL: https://matomo.fabrique.social.gouv.fr/
  YOUTUBE_API_URL: https://youtube.googleapis.com/youtube/v3/
  YOUTUBE_CHANNEL_ID: UClDwrT-Y1NY9WnEiXLMHp6w
  GITHUB_API_URL: https://api.github.com
  TYPEFORM_API_URL: https://api.typeform.com
  CORS_ORIGINS: '*'
---
apiVersion: v1
kind: Service
metadata:
  labels:
    app: app
    application: archifiltre-statistics
    owner: archifiltre-statistics
    team: archifiltre-statistics
    cert: wildcard
  name: app
  annotations:
    kapp.k14s.io/disable-default-ownership-label-rules: ''
    kapp.k14s.io/disable-default-label-scoping-rules: ''
    app.gitlab.com/app: socialgouv-archifiltre-statistics
    app.gitlab.com/env: beta-db-12-dev2
    app.gitlab.com/env.name: beta-db-12-dev2
  namespace: archifiltre-statistics
spec:
  ports:
    - name: http
      port: 80
      targetPort: 3000
  selector:
    app: app
  type: ClusterIP
---
apiVersion: extensions/v1beta1
kind: Ingress
metadata:
  annotations:
    kubernetes.io/ingress.class: nginx
    certmanager.k8s.io/cluster-issuer: letsencrypt-prod
    kubernetes.io/tls-acme: 'true'
    kapp.k14s.io/disable-default-ownership-label-rules: ''
    kapp.k14s.io/disable-default-label-scoping-rules: ''
    app.gitlab.com/app: socialgouv-archifiltre-statistics
    app.gitlab.com/env: beta-db-12-dev2
    app.gitlab.com/env.name: beta-db-12-dev2
  labels:
    app: app
    application: archifiltre-statistics
    owner: archifiltre-statistics
    team: archifiltre-statistics
    cert: wildcard
  name: app
  namespace: archifiltre-statistics
spec:
  rules:
    - host: archifiltre-statistics.dev2.fabrique.social.gouv.fr
      http:
        paths:
          - backend:
              serviceName: app
              servicePort: 80
            path: /
  tls:
    - hosts:
        - archifiltre-statistics.dev2.fabrique.social.gouv.fr
      secretName: app-crt
"
`;
