// Jest Snapshot v1, https://goo.gl/fbAQLP

exports[`deploy dev 2 1`] = `
"---
apiVersion: apps/v1
kind: Deployment
metadata:
  annotations:
    kapp.k14s.io/disable-default-ownership-label-rules: ''
    kapp.k14s.io/disable-default-label-scoping-rules: ''
    kapp.k14s.io/delete-strategy: orphan
    app.github.com/job: '5678'
    app.github.com/ref: refs/heads/mybranch
    app.github.com/repo: socialgouv/archifiltre-statistics
    app.github.com/run: '1234'
    app.github.com/sha: '0123456'
  labels:
    app: archifiltre-statistics
    application: archifiltre-statistics
    component: archifiltre-statistics
    owner: archifiltre-statistics
    team: archifiltre-statistics
    cert: wildcard
  name: archifiltre-statistics
  namespace: archifiltre-statistics-mybranch
spec:
  replicas: 1
  selector:
    matchLabels:
      app: archifiltre-statistics
  template:
    metadata:
      annotations:
        kapp.k14s.io/disable-default-ownership-label-rules: ''
        kapp.k14s.io/disable-default-label-scoping-rules: ''
        kapp.k14s.io/delete-strategy: orphan
        app.github.com/job: '5678'
        app.github.com/ref: refs/heads/mybranch
        app.github.com/repo: socialgouv/archifiltre-statistics
        app.github.com/run: '1234'
        app.github.com/sha: '0123456'
      labels:
        app: archifiltre-statistics
        application: archifiltre-statistics
        component: archifiltre-statistics
        owner: archifiltre-statistics
        team: archifiltre-statistics
        cert: wildcard
    spec:
      containers:
        - image: >-
            ghcr.io/socialgouv/archifiltre/archifiltre-statistics:sha-0123456789abcdefghijklmnopqrstuvwxyz0123
          livenessProbe:
            failureThreshold: 6
            httpGet:
              path: /healthz
              port: http
            initialDelaySeconds: 30
            periodSeconds: 5
            timeoutSeconds: 5
          name: archifiltre-statistics
          ports:
            - containerPort: 3000
              name: http
          readinessProbe:
            failureThreshold: 15
            httpGet:
              path: /healthz
              port: http
            initialDelaySeconds: 0
            periodSeconds: 5
            successThreshold: 1
            timeoutSeconds: 1
          resources:
            limits:
              cpu: 200m
              memory: 256Mi
            requests:
              cpu: 50m
              memory: 128Mi
          startupProbe:
            failureThreshold: 12
            httpGet:
              path: /healthz
              port: http
            periodSeconds: 5
          envFrom:
            - secretRef:
                name: archifiltre-statistics-sealed-secret
            - configMapRef:
                name: archifiltre-statistics-configmap
          env:
            - name: APP_BASE_URL
              value: >-
                https://archifiltre-statistics-mybranch.dev2.fabrique.social.gouv.fr
            - name: NEXTAUTH_URL
              value: >-
                https://archifiltre-statistics-mybranch.dev2.fabrique.social.gouv.fr
---
apiVersion: bitnami.com/v1alpha1
kind: SealedSecret
metadata:
  annotations:
    sealedsecrets.bitnami.com/cluster-wide: 'true'
    kapp.k14s.io/disable-default-ownership-label-rules: ''
    kapp.k14s.io/disable-default-label-scoping-rules: ''
    kapp.k14s.io/delete-strategy: orphan
    app.github.com/job: '5678'
    app.github.com/ref: refs/heads/mybranch
    app.github.com/repo: socialgouv/archifiltre-statistics
    app.github.com/run: '1234'
    app.github.com/sha: '0123456'
  name: archifiltre-statistics-sealed-secret
  namespace: archifiltre-statistics-mybranch
  labels:
    application: archifiltre-statistics
    component: archifiltre-statistics
    owner: archifiltre-statistics
    team: archifiltre-statistics
    cert: wildcard
spec:
  encryptedData:
    MATOMO_TOKEN: >-
      AgADYTdW1CQppqUSVY1PUC49U03TScrhGO3fxg7zQENCn7OJ4pBYvQTAw47//v19E9+Y3wRWH0xtpIWGiqG8A8vJ/Cpsv30UX51TTM/e08z8uJsjc8fRNMcVEr66dRGeCHjfRntF5xdxnsO4BtY/zMr+rN7WVolrwon0tsXXxkqYT4NdFNdublZWzoTbEWeHcOn3srXSg7I6UMOyKQwAF29hYPi9CM5I5iS//DR4jr2RTVbqikUT0ffptqZeLm3mtwO68iZNLLMby3tAOIgXdHy4kFnL75znuPOnscYysX1ph+vYTRWV7M0V6dM+6RUAtW/GX0dk6IA6ycNkqzB1zb88LMDlSj8kP/HhgjK+fCYKdRlHhSZrHnU24GHa8uYa70pPtV9w4ZzTy1LTqO1OiBatfKkORZ16dLFxhvcvcEOi2JsFwFs/G7Qbc/8TRNMt/FmuXVrHZPNKxSiKEy5maaRD3vFBVoB/xpVawloH2lPfGNV0rbLkwwk5ONgTY9z0wCkjM27BY/bo8+0mg+CGZmInMZ6ZI0wUsFVjRPFVB/XctZC2nb9TwwU/46equAklmFc4JEvDlKpUhCHEyM0jWEEDz2oJ39BXg5kRE++xSlJ2sSPe1W79wG7XHVjX4Or4Z8zTjzLQNI/d6rcZx/HoE284W3rUXchbP1nIlMwKFLGUczQyxpfL0uJpAxoHgjSbM+HQxgRznth+b07dk9ey5vT+fwnu1zXxDDa5f5VoAslv8A==
    YOUTUBE_API_KEY: >-
      AgA9yz1ydxNlg5jMKSGdI6jrxs8aU7s3W5B5nw+NNRNbE4FlY2Td5kAVj+1DRtA3a0sFyDjw4tN0kNoGACsnKJCamGYhEAv6QR8yBr7GTIWVIiG6aN5cTYqlKXQk6/fk9lZEabCU4RRlRrqGd6atBOUCSnsy4TWD31N71TXHK8SDfV2YhiRP3hAnMyDg1Ysdsm6Iclwne2tzdEchmnCT1mktqduwuMP1bxppzQbLHxiPPmGcmJW79xzO2U+r7MPepSdbAf/ab2oH2fswBNmJvGUEYGsVcCg/PKwyqFSHWB01S8fx7FGY7nQkkjrEZ8gq/Bz2UIydbU2XQ5tlGdzZLzt21n8dFrLmQqebVbYo3+cCMxBYKT1LWZAZaBeECeHaSj2LzN7Gg2jjHxd5czwkNMrNT+bc9StP67D2Cih26gfdtDMySTmhIVpTzNZ8tjFegBMzuW2bax7JJ8DbJhDIRCyk3Bsft/URxkX2ZNZJcXhs31Xffm9E+Y2A2FQ644cCBMWDzFcNUIhKV4O0pMlOSVu1fyoFK+eOPu20k11wn9bcb2jt0UqjI7WzsFjnOCeoQI1krvn5uuORtc7kBmefxGbBFpBk5cdY/dM+Yf3CRrgH5LocNGpN/VScwLeWxwuZA/+WzvJUjj60vF6HBTQw99COoRfP83E78X6RAVyYoBga96shl2Hp/CowjIDW2ae+lCCcVEenMFXK1lGfP1jydmYtV1HwX8GXP7gZVg7QphBX7DFxMFQLxWM=
    GITHUB_API_KEY: >-
      AgCljWcIXSb2IxrkKO5EGjhoZX5T+6QKllVErgHNg6LnsK2pmyV6EF7nv/ME2OOA8sAO5rjseQMGk0i2DN2Z0whmzg9r9UefDZWuW7Iha5V6zmctaR/irvT0zoTuW3/DfyZq3JI8rMGV46vgRA28NkBEC2Y71DNGDFquU9ArTtXXQxLa7gcp57+BiCbTJw2pTp1N0PjyTNHGqkVKtBG1zn72IOnYMxLpZRXA8RWU/h1Fm6m2NMm0JVb6VGtrzRAjbe0COt2aQeh675ojJk9oTuvK+f643zHWgf8QxIM2CS+9+axAs50mYVtk713TTSX0Ma9/wgNEtweoYuWvffmXEXXwKEIlWSNhzKg7U6+DPDiQ2c7K9UOKstyo+mOVy/s5ZT5/wOSVe3agZWGR+7DUBxC/xmAVq/1EazmGQzPJDB5imHWi6wiB0H2qJZY4SA8bkFyFaVkD0Nb9DTGhk/JkxRToBj3/fvNfcdJxOMKRIPZ2HX9O3M931ajcDWqdG3Wk1J3YUS+KnjAaF63a3ZT3ShQhBgnvjLnl74yW1uznxox6G9oTAG9XqRHptPmZ4w+cXtIqqupWDBuARLVinKJ9GaBNQ04aKB6YOzHb+tTsyDWrAgBENzti/v6qkrxo5kl2n8YCv2NZPA1yAZhIGeEuTZYu5yL827JsxBMWm2DL0LNEHw8LfXmDGe3Yb2FpaWhTHl/N/faaiidjuo+9ado4iLPmREmmCBpg7CJURmXLhs/ekqC6bjE/5900
    TYPEFORM_API_KEY: >-
      AgCER5HCK+rWMOW8qwl62qkX9sAAGiTxyz4/lmI8X1Yxfdc9rkOrkXfdBgoYsymr9fwgzqkaY36olm97YYTxZXdqYk4vEvedwIOM3giS1Lv4uhhyT1wjijxc+ZHanW1BPUUwBIXihhPESM6SI5MfAyQFA5KAdNgC0NHrjCKxYh/boeU8oEirDrvNJylNDQWXgWryJhEN6Ys9zRdaRwMfGWzLaFC4Maf3Kwg06uOL74q+famxxRmvWYMqZ2yCwfOx8PQ9i56fWxzgoxYbeDrfg7tNFSWqqAjs7DQVax/saByPDwApONiEUGhmLo7YsyYxd+nrcnub1aysgMGZ5c8m1C5vbH15hi8wYXb1hJ3KiR35jtQM4vymg4JqMvEr8oAyG7pCclOf89hyUPQI65gKYlo6AP+uh5L5LcKB7lqV3AdH6DorTTnIk6sVDie9M8Mes2ACx+cKGvBcZvQBnkdvcplJBCI7PW/Tdospc0qcsv2cOZPP98xfcRX9Z80bpDb7/0TPg+VTxPam6ngvjWDTPWGJmYeFyTfNfzjd5EFcnmidLpSFhh82iIwiecNSSNKc0Ubb2/0t54y7T5QJ60CGQGQVnMj1RbCYq88miQaRchWckQlKLvfR9wVS/0JHTJShu/Fn+fGEx5XEVSKSs2aNZMNMm5C4VtWb2cNYLIKfP7lV0Boy/fzcjzh7XYww04+GOSsVKHued9gywiHOBP/fT3cM2i3k4EeYZAYRUkY2ePRnIOF70vaY97UQT2SZqw==
  template:
    metadata:
      annotations:
        sealedsecrets.bitnami.com/cluster-wide: 'true'
        kapp.k14s.io/disable-default-ownership-label-rules: ''
        kapp.k14s.io/disable-default-label-scoping-rules: ''
        kapp.k14s.io/delete-strategy: orphan
        app.github.com/job: '5678'
        app.github.com/ref: refs/heads/mybranch
        app.github.com/repo: socialgouv/archifiltre-statistics
        app.github.com/run: '1234'
        app.github.com/sha: '0123456'
      name: archifiltre-statistics-sealed-secret
      labels:
        application: archifiltre-statistics
        component: archifiltre-statistics
        owner: archifiltre-statistics
        team: archifiltre-statistics
        cert: wildcard
    type: Opaque
---
apiVersion: v1
kind: ConfigMap
metadata:
  name: archifiltre-statistics-configmap
  annotations:
    kapp.k14s.io/disable-default-ownership-label-rules: ''
    kapp.k14s.io/disable-default-label-scoping-rules: ''
    kapp.k14s.io/delete-strategy: orphan
    app.github.com/job: '5678'
    app.github.com/ref: refs/heads/mybranch
    app.github.com/repo: socialgouv/archifiltre-statistics
    app.github.com/run: '1234'
    app.github.com/sha: '0123456'
  labels:
    application: archifiltre-statistics
    component: archifiltre-statistics
    owner: archifiltre-statistics
    team: archifiltre-statistics
    cert: wildcard
  namespace: archifiltre-statistics-mybranch
data:
  MATOMO_URL: https://matomo.fabrique.social.gouv.fr/
  YOUTUBE_API_URL: https://youtube.googleapis.com/youtube/v3/
  YOUTUBE_CHANNEL_ID: UClDwrT-Y1NY9WnEiXLMHp6w
  GITHUB_API_URL: https://api.github.com
  TYPEFORM_API_URL: https://api.typeform.com
  CORS_ORIGINS: '*'
---
apiVersion: v1
kind: Service
metadata:
  labels:
    app: archifiltre-statistics
    application: archifiltre-statistics
    component: archifiltre-statistics
    owner: archifiltre-statistics
    team: archifiltre-statistics
    cert: wildcard
  name: archifiltre-statistics
  annotations:
    kapp.k14s.io/disable-default-ownership-label-rules: ''
    kapp.k14s.io/disable-default-label-scoping-rules: ''
    kapp.k14s.io/delete-strategy: orphan
    app.github.com/job: '5678'
    app.github.com/ref: refs/heads/mybranch
    app.github.com/repo: socialgouv/archifiltre-statistics
    app.github.com/run: '1234'
    app.github.com/sha: '0123456'
  namespace: archifiltre-statistics-mybranch
spec:
  ports:
    - name: http
      port: 80
      targetPort: 3000
  selector:
    app: archifiltre-statistics
  type: ClusterIP
---
apiVersion: networking.k8s.io/v1
kind: Ingress
metadata:
  annotations:
    kubernetes.io/ingress.class: nginx
    kapp.k14s.io/disable-default-ownership-label-rules: ''
    kapp.k14s.io/disable-default-label-scoping-rules: ''
    kapp.k14s.io/delete-strategy: orphan
    app.github.com/job: '5678'
    app.github.com/ref: refs/heads/mybranch
    app.github.com/repo: socialgouv/archifiltre-statistics
    app.github.com/run: '1234'
    app.github.com/sha: '0123456'
  labels:
    app: archifiltre-statistics
    application: archifiltre-statistics
    component: archifiltre-statistics
    owner: archifiltre-statistics
    team: archifiltre-statistics
    cert: wildcard
  name: archifiltre-statistics
  namespace: archifiltre-statistics-mybranch
spec:
  rules:
    - host: archifiltre-statistics-mybranch.dev2.fabrique.social.gouv.fr
      http:
        paths:
          - backend:
              service:
                name: archifiltre-statistics
                port:
                  name: http
            path: /
            pathType: Prefix
  tls:
    - hosts:
        - archifiltre-statistics-mybranch.dev2.fabrique.social.gouv.fr
      secretName: wildcard-crt
---
apiVersion: networking.k8s.io/v1
kind: NetworkPolicy
metadata:
  name: netpol-archifiltre-statistics-mybranch
  namespace: archifiltre-statistics-mybranch
spec:
  ingress:
    - from:
        - podSelector: {}
    - from:
        - namespaceSelector:
            matchLabels:
              network-policy/source: ingress-controller
    - from:
        - namespaceSelector:
            matchLabels:
              network-policy/source: monitoring
  podSelector: {}
  policyTypes:
    - Ingress
"
`;
